2026.03.04 04:28:35 INFO  Started: Metals version 1.6.6 in folders '/home/yusufgamal/projects/scala_projects/learn-scala' for client Visual Studio Code 1.109.5.[0m
2026.03.04 04:28:35 INFO  Memory monitor started[0m
2026.03.04 04:28:37 WARN  Using H2 2.4.240 which is newer than the version Flyway has been verified with. The latest verified version of H2 is 2.3.232.[0m
2026.03.04 04:28:37 INFO  Attempting to connect to the build server...[0m
2026.03.04 04:28:37 INFO  Found a Bloop server running[0m
2026.03.04 04:28:38 INFO  tracing is disabled for protocol BSP, to enable tracing of incoming and outgoing JSON messages create an empty file at /home/yusufgamal/projects/scala_projects/learn-scala/.metals/bsp.trace.json or /home/yusufgamal/.cache/metals/bsp.trace.json[0m
2026.03.04 04:28:38 INFO  Attempting to connect to the build server...[0m
2026.03.04 04:28:38 INFO  Found a Bloop server running[0m
2026.03.04 04:28:38 INFO  tracing is disabled for protocol BSP, to enable tracing of incoming and outgoing JSON messages create an empty file at /home/yusufgamal/projects/scala_projects/learn-scala/project/.metals/bsp.trace.json or /home/yusufgamal/.cache/metals/bsp.trace.json[0m
2026.03.04 04:28:45 INFO  time: Connected to build server in 7.85s[0m
2026.03.04 04:28:45 INFO  Connected to Build server: Bloop v2.0.19[0m
2026.03.04 04:28:45 INFO  time: Imported build in 0.14s[0m
2026.03.04 04:28:45 WARN  2.13.12 is no longer supported in the current Metals versions, using the last known supported version 1.4.2[0m
2026.03.04 04:28:58 WARN  Could not find java sources in /usr/lib/jvm/src.zip, /usr/lib/jvm/lib/src.zip, /usr/lib/jvm/java-21-openjdk-amd64/src.zip, /usr/lib/jvm/java-21-openjdk-amd64/lib/src.zip. Java symbols will not be available.[0m
2026.03.04 04:29:09 INFO  time: indexed workspace in 23s[0m
Mar 04, 2026 4:29:16 AM org.eclipse.lsp4j.jsonrpc.services.GenericEndpoint notify
INFO: Unsupported notification method: $/setTrace
2026.03.04 04:30:09 INFO  compiling learn-scala (1 scala source)[0m
2026.03.04 04:30:11 INFO  time: compiled learn-scala in 1.65s[0m
2026.03.04 04:30:12 INFO  compiling learn-scala (1 scala source)[0m
2026.03.04 04:30:13 INFO  time: compiled learn-scala in 1.09s[0m
2026.03.04 04:30:14 INFO  compiling learn-scala (1 scala source)[0m
2026.03.04 04:30:14 INFO  time: compiled learn-scala in 0.94s[0m
Mar 04, 2026 4:30:16 AM org.eclipse.lsp4j.jsonrpc.services.GenericEndpoint notify
INFO: Unsupported notification method: $/setTrace
Mar 04, 2026 4:30:16 AM org.eclipse.lsp4j.jsonrpc.services.GenericEndpoint notify
INFO: Unsupported notification method: $/setTrace
Mar 04, 2026 4:30:17 AM org.eclipse.lsp4j.jsonrpc.services.GenericEndpoint notify
INFO: Unsupported notification method: $/setTrace
Mar 04, 2026 4:30:25 AM org.eclipse.lsp4j.jsonrpc.RemoteEndpoint handleCancellation
WARNING: Unmatched cancel notification for request id 77
2026.03.04 04:30:26 INFO  compiling learn-scala (1 scala source)[0m
2026.03.04 04:30:26 INFO  time: compiled learn-scala in 0.87s[0m
2026.03.04 04:45:37 INFO  Shutting down server[0m
2026.03.04 04:45:37 INFO  Memory monitor stopped[0m
2026.03.04 04:45:37 INFO  shutting down Metals[0m
2026.03.04 04:45:37 INFO  Shut down connection with build server.[0m
2026.03.04 04:45:37 INFO  Shut down connection with build server.[0m
2026.03.04 04:45:37 INFO  Exiting server[0m
