2026.03.04 04:25:40 WARN  Using H2 2.4.240 which is newer than the version Flyway has been verified with. The latest verified version of H2 is 2.3.232.[0m
2026.03.04 04:25:41 INFO  no build target found for /home/yusufgamal/projects/scala_projects/learn-scala/src/main/scala/Main.scala. Using presentation compiler with project's scala-library version: 3.3.7[0m
2026.03.04 04:25:48 INFO  no build target found for /home/yusufgamal/projects/scala_projects/learn-scala/src/main/scala/Main.scala. Using presentation compiler with project's scala-library version: 3.3.7[0m
2026.03.04 04:25:48 INFO  no build target found for /home/yusufgamal/projects/scala_projects/learn-scala/src/main/scala/Main.scala. Using presentation compiler with project's scala-library version: 3.3.7[0m
2026.03.04 04:25:48 INFO  no build target found for /home/yusufgamal/projects/scala_projects/learn-scala/src/main/scala/Main.scala. Using presentation compiler with project's scala-library version: 3.3.7[0m
2026.03.04 04:25:48 INFO  no build target found for /home/yusufgamal/projects/scala_projects/learn-scala/src/main/scala/Main.scala. Using presentation compiler with project's scala-library version: 3.3.7[0m
2026.03.04 04:25:48 INFO  no build target found for /home/yusufgamal/projects/scala_projects/learn-scala/src/main/scala/Main.scala. Using presentation compiler with project's scala-library version: 3.3.7[0m
2026.03.04 04:25:48 INFO  no build target found for /home/yusufgamal/projects/scala_projects/learn-scala/src/main/scala/Main.scala. Using presentation compiler with project's scala-library version: 3.3.7[0m
2026.03.04 04:25:48 WARN  no build target for: /home/yusufgamal/projects/scala_projects/learn-scala/src/main/scala/Main.scala[0m
2026.03.04 04:25:48 INFO  no build target found for /home/yusufgamal/projects/scala_projects/learn-scala/src/main/scala/Main.scala. Using presentation compiler with project's scala-library version: 3.3.7[0m
2026.03.04 04:25:54 INFO  no build target found for /home/yusufgamal/projects/scala_projects/learn-scala/src/main/scala/Main.scala. Using presentation compiler with project's scala-library version: 3.3.7[0m
2026.03.04 04:25:55 INFO  no build target found for /home/yusufgamal/projects/scala_projects/learn-scala/src/main/scala/Main.scala. Using presentation compiler with project's scala-library version: 3.3.7[0m
2026.03.04 04:25:54 INFO  running '/usr/lib/jvm/java-21-openjdk-amd64/bin/java -Djline.terminal=jline.UnsupportedTerminal -Dsbt.log.noformat=true -Dfile.encoding=UTF-8 -jar /tmp/metals8474918157620441987/sbt-launch.jar -Dbloop.export-jar-classifiers=sources bloopInstall'[0m
2026.03.04 04:25:55 ERROR [info] [launcher] getting org.scala-sbt sbt 1.12.5  (this may take some time)...[0m
2026.03.04 04:26:10 INFO  no build target found for /home/yusufgamal/projects/scala_projects/learn-scala/src/main/scala/Main.scala. Using presentation compiler with project's scala-library version: 3.3.7[0m
2026.03.04 04:26:14 INFO  no build target found for /home/yusufgamal/projects/scala_projects/learn-scala/src/main/scala/Main.scala. Using presentation compiler with project's scala-library version: 3.3.7[0m
2026.03.04 04:26:14 INFO  no build target found for /home/yusufgamal/projects/scala_projects/learn-scala/src/main/scala/Main.scala. Using presentation compiler with project's scala-library version: 3.3.7[0m
2026.03.04 04:26:15 ERROR [info] [launcher] getting Scala 2.12.21 (for sbt)...[0m
2026.03.04 04:26:15 INFO  no build target found for /home/yusufgamal/projects/scala_projects/learn-scala/src/main/scala/Main.scala. Using presentation compiler with project's scala-library version: 3.3.7[0m
2026.03.04 04:26:15 INFO  no build target found for /home/yusufgamal/projects/scala_projects/learn-scala/src/main/scala/Main.scala. Using presentation compiler with project's scala-library version: 3.3.7[0m
2026.03.04 04:26:17 INFO  [info] welcome to sbt 1.12.5 (Ubuntu Java 21.0.10)[0m
2026.03.04 04:26:20 INFO  [info] loading settings for project learn-scala-build-build from metals.sbt...[0m
2026.03.04 04:26:21 INFO  [info] loading project definition from /home/yusufgamal/projects/scala_projects/learn-scala/project/project[0m
2026.03.04 04:26:25 INFO  [info] loading settings for project learn-scala-build from metals.sbt...[0m
2026.03.04 04:26:25 INFO  [info] loading project definition from /home/yusufgamal/projects/scala_projects/learn-scala/project[0m
2026.03.04 04:26:33 INFO  [success] Generated .bloop/learn-scala-build.json[0m
2026.03.04 04:26:33 INFO  [success] Total time: 7 s, completed Mar 4, 2026, 4:26:33 AM[0m
2026.03.04 04:26:35 INFO  [info] loading settings for project learn-scala from build.sbt...[0m
2026.03.04 04:26:35 INFO  [info] set current project to hello-world (in build file:/home/yusufgamal/projects/scala_projects/learn-scala/)[0m
2026.03.04 04:26:46 INFO  [success] Generated .bloop/learn-scala-test.json[0m
2026.03.04 04:26:46 INFO  [success] Generated .bloop/learn-scala.json[0m
2026.03.04 04:26:46 INFO  [success] Total time: 10 s, completed Mar 4, 2026, 4:26:46 AM[0m
2026.03.04 04:26:46 INFO  time: ran 'sbt bloopInstall' in 51s[0m
2026.03.04 04:26:46 INFO  Attempting to connect to the build server...[0m
2026.03.04 04:26:46 INFO  No running Bloop server found, starting one.[0m
2026.03.04 04:26:50 INFO  no build target found for /home/yusufgamal/projects/scala_projects/learn-scala/src/main/scala/Main.scala. Using presentation compiler with project's scala-library version: 3.3.7[0m
2026.03.04 04:27:08 INFO  no build target found for /home/yusufgamal/projects/scala_projects/learn-scala/src/main/scala/Main.scala. Using presentation compiler with project's scala-library version: 3.3.7[0m
2026.03.04 04:27:08 INFO  no build target found for /home/yusufgamal/projects/scala_projects/learn-scala/src/main/scala/Main.scala. Using presentation compiler with project's scala-library version: 3.3.7[0m
2026.03.04 04:27:08 INFO  no build target found for /home/yusufgamal/projects/scala_projects/learn-scala/src/main/scala/Main.scala. Using presentation compiler with project's scala-library version: 3.3.7[0m
2026.03.04 04:27:08 INFO  no build target found for /home/yusufgamal/projects/scala_projects/learn-scala/src/main/scala/Main.scala. Using presentation compiler with project's scala-library version: 3.3.7[0m
2026.03.04 04:27:08 INFO  no build target found for /home/yusufgamal/projects/scala_projects/learn-scala/src/main/scala/Main.scala. Using presentation compiler with project's scala-library version: 3.3.7[0m
2026.03.04 04:27:08 INFO  no build target found for /home/yusufgamal/projects/scala_projects/learn-scala/src/main/scala/Main.scala. Using presentation compiler with project's scala-library version: 3.3.7[0m
2026.03.04 04:27:08 INFO  no build target found for /home/yusufgamal/projects/scala_projects/learn-scala/src/main/scala/Main.scala. Using presentation compiler with project's scala-library version: 3.3.7[0m
2026.03.04 04:27:13 INFO  Starting compilation server[0m
2026.03.04 04:27:15 INFO  tracing is disabled for protocol BSP, to enable tracing of incoming and outgoing JSON messages create an empty file at /home/yusufgamal/projects/scala_projects/.metals/bsp.trace.json or /home/yusufgamal/.cache/metals/bsp.trace.json[0m
2026.03.04 04:27:26 INFO  time: Connected to build server in 39s[0m
2026.03.04 04:27:26 INFO  Connected to Build server: Bloop v2.0.19[0m
2026.03.04 04:27:26 INFO  time: Imported build in 0.14s[0m
2026.03.04 04:27:26 WARN  2.13.12 is no longer supported in the current Metals versions, using the last known supported version 1.4.2[0m
2026.03.04 04:27:42 WARN  Could not find java sources in /usr/lib/jvm/src.zip, /usr/lib/jvm/lib/src.zip, /usr/lib/jvm/java-21-openjdk-amd64/src.zip, /usr/lib/jvm/java-21-openjdk-amd64/lib/src.zip. Java symbols will not be available.[0m
2026.03.04 04:27:44 INFO  time: indexed workspace in 17s[0m
2026.03.04 04:27:44 INFO  compiling learn-scala (1 scala source)[0m
2026.03.04 04:27:50 INFO  time: compiled learn-scala in 5.19s[0m
2026.03.04 04:28:09 INFO  Shutting down server[0m
2026.03.04 04:28:09 INFO  Memory monitor stopped[0m
2026.03.04 04:28:09 INFO  shutting down Metals[0m
2026.03.04 04:28:09 INFO  Shut down connection with build server.[0m
2026.03.04 04:28:09 INFO  Exiting server[0m
